com/github/badpop/jcoinbase/control/FunctionalValue.class
com/github/badpop/jcoinbase/service/user/dto/NationalityDto$NationalityDtoBuilder.class
com/github/badpop/jcoinbase/model/user/Country$CountryBuilder.class
com/github/badpop/jcoinbase/model/ResourceType.class
com/github/badpop/jcoinbase/model/data/Time.class
com/github/badpop/jcoinbase/exception/PriceTypeNotFoundException.class
com/github/badpop/jcoinbase/model/account/Account$AccountBuilder.class
com/github/badpop/jcoinbase/service/data/DataService.class
com/github/badpop/jcoinbase/model/user/ReferralMoney$ReferralMoneyBuilder.class
com/github/badpop/jcoinbase/service/user/dto/NationalityDto.class
com/github/badpop/jcoinbase/model/data/Price$PriceType.class
com/github/badpop/jcoinbase/control/CallResult$Success.class
com/github/badpop/jcoinbase/model/user/Nationality.class
com/github/badpop/jcoinbase/model/PaginatedResponse.class
com/github/badpop/jcoinbase/service/user/dto/TiersDto$TiersDtoBuilder.class
com/github/badpop/jcoinbase/service/data/CoinbaseDataService$3.class
com/github/badpop/jcoinbase/model/user/User.class
com/github/badpop/jcoinbase/service/http/JsonDeserializationService$1.class
com/github/badpop/jcoinbase/service/dto/PaginationDto.class
com/github/badpop/jcoinbase/service/data/dto/ExchangeRatesDto$ExchangeRatesDtoBuilder.class
com/github/badpop/jcoinbase/service/user/dto/AuthorizationsDto.class
com/github/badpop/jcoinbase/model/user/Tiers.class
com/github/badpop/jcoinbase/model/Pagination$PaginationBuilder.class
com/github/badpop/jcoinbase/model/Pagination$Order.class
com/github/badpop/jcoinbase/service/user/dto/TiersDto.class
com/github/badpop/jcoinbase/service/user/CoinbaseUserService$3.class
com/github/badpop/jcoinbase/model/user/Authorizations.class
com/github/badpop/jcoinbase/model/user/Tiers$TiersBuilder.class
com/github/badpop/jcoinbase/model/CoinbaseError.class
com/github/badpop/jcoinbase/service/account/dto/AccountCurrencyDto.class
com/github/badpop/jcoinbase/model/user/Nationality$NationalityBuilder.class
com/github/badpop/jcoinbase/JCoinbasePropertiesFactory.class
com/github/badpop/jcoinbase/service/data/dto/PriceDto$PriceDtoBuilder.class
com/github/badpop/jcoinbase/service/dto/PaginatedResponseDto.class
com/github/badpop/jcoinbase/service/data/CoinbaseDataService$4.class
com/github/badpop/jcoinbase/model/data/Currency.class
com/github/badpop/jcoinbase/service/http/Headers.class
com/github/badpop/jcoinbase/service/data/dto/CurrencyDto.class
com/github/badpop/jcoinbase/model/data/ExchangeRates$ExchangeRatesBuilder.class
com/github/badpop/jcoinbase/service/user/CoinbaseUserService$2.class
com/github/badpop/jcoinbase/service/account/CoinbaseAccountService$2.class
com/github/badpop/jcoinbase/service/user/dto/CountryDto$CountryDtoBuilder.class
com/github/badpop/jcoinbase/model/data/Price$PriceBuilder.class
com/github/badpop/jcoinbase/control/CallResult$FailureProjection.class
com/github/badpop/jcoinbase/model/data/Currency$CurrencyBuilder.class
com/github/badpop/jcoinbase/control/CallResult.class
com/github/badpop/jcoinbase/service/dto/SingleErrorDto.class
com/github/badpop/jcoinbase/model/request/UpdateCurrentUserRequest.class
com/github/badpop/jcoinbase/exception/PropertiesNotFoundException.class
com/github/badpop/jcoinbase/model/data/ExchangeRates.class
com/github/badpop/jcoinbase/service/dto/DataErrorDto.class
com/github/badpop/jcoinbase/service/account/dto/AccountBalanceDto.class
com/github/badpop/jcoinbase/model/account/AccountCurrency$AccountCurrencyBuilder.class
com/github/badpop/jcoinbase/model/data/Price.class
com/github/badpop/jcoinbase/service/user/CoinbaseUserService$1.class
com/github/badpop/jcoinbase/exception/NoPreviousPageException.class
com/github/badpop/jcoinbase/model/user/Country.class
com/github/badpop/jcoinbase/service/dto/DataErrorsDto.class
com/github/badpop/jcoinbase/service/utils/DateAndTimeUtils.class
com/github/badpop/jcoinbase/service/data/CoinbaseDataService$2.class
com/github/badpop/jcoinbase/service/http/JsonDeserializationService.class
com/github/badpop/jcoinbase/service/utils/StringUtils.class
com/github/badpop/jcoinbase/model/account/Rewards$RewardsBuilder.class
com/github/badpop/jcoinbase/service/auth/AuthenticationService.class
com/github/badpop/jcoinbase/model/PaginatedResponse$PaginatedResponseBuilder.class
com/github/badpop/jcoinbase/service/dto/DataDto.class
com/github/badpop/jcoinbase/service/user/UserService.class
com/github/badpop/jcoinbase/exception/JCoinbaseException.class
com/github/badpop/jcoinbase/model/account/Rewards.class
com/github/badpop/jcoinbase/service/user/dto/AuthorizationsDto$AuthorizationsDtoBuilder.class
com/github/badpop/jcoinbase/service/user/CoinbaseUserService.class
com/github/badpop/jcoinbase/model/account/AccountBalance.class
com/github/badpop/jcoinbase/service/user/dto/UserDto.class
com/github/badpop/jcoinbase/service/data/dto/CurrencyDto$CurrencyDtoBuilder.class
com/github/badpop/jcoinbase/service/http/HttpRequestSender.class
com/github/badpop/jcoinbase/service/http/JsonDeserializationService$2.class
com/github/badpop/jcoinbase/model/Pagination.class
com/github/badpop/jcoinbase/exception/NoNextPageException.class
com/github/badpop/jcoinbase/JCoinbaseClient.class
com/github/badpop/jcoinbase/service/account/AccountService.class
com/github/badpop/jcoinbase/JCoinbaseClientFactory.class
com/github/badpop/jcoinbase/service/account/CoinbaseAccountService$1.class
com/github/badpop/jcoinbase/service/utils/AuthenticationUtils.class
com/github/badpop/jcoinbase/model/data/Time$TimeBuilder.class
com/github/badpop/jcoinbase/exception/UnauthorizedRequestException.class
com/github/badpop/jcoinbase/service/dto/SingleErrorDto$SingleErrorDtoBuilder.class
com/github/badpop/jcoinbase/model/CoinbaseError$CoinbaseErrorBuilder.class
com/github/badpop/jcoinbase/model/account/Account.class
com/github/badpop/jcoinbase/model/request/UpdateAccountRequest$UpdateAccountRequestBuilder.class
com/github/badpop/jcoinbase/service/data/dto/TimeDto.class
com/github/badpop/jcoinbase/service/user/dto/CountryDto.class
com/github/badpop/jcoinbase/service/account/dto/RewardsDto.class
com/github/badpop/jcoinbase/service/WarningManagerService.class
com/github/badpop/jcoinbase/model/request/UpdateCurrentUserRequest$UpdateCurrentUserRequestBuilder.class
com/github/badpop/jcoinbase/exception/InvalidApiKeyAndSecretException.class
com/github/badpop/jcoinbase/model/user/Authorizations$AuthorizationsBuilder.class
com/github/badpop/jcoinbase/model/account/AccountsPage.class
com/github/badpop/jcoinbase/service/data/CoinbaseDataService.class
com/github/badpop/jcoinbase/service/ErrorManagerService.class
com/github/badpop/jcoinbase/service/data/dto/ExchangeRatesDto.class
com/github/badpop/jcoinbase/service/account/CoinbaseAccountService.class
com/github/badpop/jcoinbase/control/CallResult$Failure.class
com/github/badpop/jcoinbase/service/dto/ErrorDto.class
com/github/badpop/jcoinbase/model/account/AccountBalance$AccountBalanceBuilder.class
com/github/badpop/jcoinbase/model/user/User$UserBuilder.class
com/github/badpop/jcoinbase/model/request/UpdateAccountRequest.class
com/github/badpop/jcoinbase/control/CallResult$SuccessProjection.class
com/github/badpop/jcoinbase/exception/InvalidRequestException.class
com/github/badpop/jcoinbase/model/account/AccountCurrency.class
com/github/badpop/jcoinbase/model/account/AccountType.class
com/github/badpop/jcoinbase/JCoinbaseProperties.class
com/github/badpop/jcoinbase/service/data/dto/PriceDto.class
com/github/badpop/jcoinbase/service/data/CoinbaseDataService$1.class
com/github/badpop/jcoinbase/model/user/ReferralMoney.class
com/github/badpop/jcoinbase/service/user/dto/ReferralMoneyDto$ReferralMoneyDtoBuilder.class
com/github/badpop/jcoinbase/service/dto/WarningDto.class
com/github/badpop/jcoinbase/service/user/CoinbaseUserService$4.class
com/github/badpop/jcoinbase/service/data/dto/TimeDto$TimeDtoBuilder.class
com/github/badpop/jcoinbase/service/user/dto/ReferralMoneyDto.class
com/github/badpop/jcoinbase/service/http/JsonDeserializationService$3.class
com/github/badpop/jcoinbase/service/dto/WarningDto$WarningDtoBuilder.class
com/github/badpop/jcoinbase/service/user/dto/UserDto$UserDtoBuilder.class
com/github/badpop/jcoinbase/service/account/dto/AccountDto.class
