/Users/bad_pop/development/jcoinbase/jcoinbase/src/main/java/com/github/badpop/jcoinbase/exception/NoNextPageException.java
/Users/bad_pop/development/jcoinbase/jcoinbase/src/main/java/com/github/badpop/jcoinbase/JCoinbasePropertiesFactory.java
/Users/bad_pop/development/jcoinbase/jcoinbase/src/main/java/com/github/badpop/jcoinbase/service/utils/StringUtils.java
/Users/bad_pop/development/jcoinbase/jcoinbase/src/main/java/com/github/badpop/jcoinbase/service/account/dto/RewardsDto.java
/Users/bad_pop/development/jcoinbase/jcoinbase/src/main/java/com/github/badpop/jcoinbase/service/utils/AuthenticationUtils.java
/Users/bad_pop/development/jcoinbase/jcoinbase/src/main/java/com/github/badpop/jcoinbase/control/CallResult.java
/Users/bad_pop/development/jcoinbase/jcoinbase/src/main/java/com/github/badpop/jcoinbase/service/data/dto/ExchangeRatesDto.java
/Users/bad_pop/development/jcoinbase/jcoinbase/src/main/java/com/github/badpop/jcoinbase/service/data/dto/PriceDto.java
/Users/bad_pop/development/jcoinbase/jcoinbase/src/main/java/com/github/badpop/jcoinbase/model/account/Account.java
/Users/bad_pop/development/jcoinbase/jcoinbase/src/main/java/com/github/badpop/jcoinbase/service/user/UserService.java
/Users/bad_pop/development/jcoinbase/jcoinbase/src/main/java/com/github/badpop/jcoinbase/service/http/JsonDeserializationService.java
/Users/bad_pop/development/jcoinbase/jcoinbase/src/main/java/com/github/badpop/jcoinbase/model/user/Nationality.java
/Users/bad_pop/development/jcoinbase/jcoinbase/src/main/java/com/github/badpop/jcoinbase/JCoinbaseClient.java
/Users/bad_pop/development/jcoinbase/jcoinbase/src/main/java/com/github/badpop/jcoinbase/service/user/CoinbaseUserService.java
/Users/bad_pop/development/jcoinbase/jcoinbase/src/main/java/com/github/badpop/jcoinbase/exception/PriceTypeNotFoundException.java
/Users/bad_pop/development/jcoinbase/jcoinbase/src/main/java/com/github/badpop/jcoinbase/service/dto/ErrorDto.java
/Users/bad_pop/development/jcoinbase/jcoinbase/src/main/java/com/github/badpop/jcoinbase/service/dto/DataErrorDto.java
/Users/bad_pop/development/jcoinbase/jcoinbase/src/main/java/com/github/badpop/jcoinbase/model/account/AccountType.java
/Users/bad_pop/development/jcoinbase/jcoinbase/src/main/java/com/github/badpop/jcoinbase/service/user/dto/NationalityDto.java
/Users/bad_pop/development/jcoinbase/jcoinbase/src/main/java/com/github/badpop/jcoinbase/model/request/UpdateCurrentUserRequest.java
/Users/bad_pop/development/jcoinbase/jcoinbase/src/main/java/com/github/badpop/jcoinbase/service/auth/AuthenticationService.java
/Users/bad_pop/development/jcoinbase/jcoinbase/src/main/java/com/github/badpop/jcoinbase/service/user/dto/UserDto.java
/Users/bad_pop/development/jcoinbase/jcoinbase/src/main/java/com/github/badpop/jcoinbase/JCoinbaseClientFactory.java
/Users/bad_pop/development/jcoinbase/jcoinbase/src/main/java/com/github/badpop/jcoinbase/service/http/HttpRequestSender.java
/Users/bad_pop/development/jcoinbase/jcoinbase/src/main/java/com/github/badpop/jcoinbase/exception/PropertiesNotFoundException.java
/Users/bad_pop/development/jcoinbase/jcoinbase/src/main/java/com/github/badpop/jcoinbase/model/data/Time.java
/Users/bad_pop/development/jcoinbase/jcoinbase/src/main/java/com/github/badpop/jcoinbase/service/dto/DataDto.java
/Users/bad_pop/development/jcoinbase/jcoinbase/src/main/java/com/github/badpop/jcoinbase/service/data/CoinbaseDataService.java
/Users/bad_pop/development/jcoinbase/jcoinbase/src/main/java/com/github/badpop/jcoinbase/exception/UnauthorizedRequestException.java
/Users/bad_pop/development/jcoinbase/jcoinbase/src/main/java/com/github/badpop/jcoinbase/exception/NoPreviousPageException.java
/Users/bad_pop/development/jcoinbase/jcoinbase/src/main/java/com/github/badpop/jcoinbase/service/dto/PaginationDto.java
/Users/bad_pop/development/jcoinbase/jcoinbase/src/main/java/com/github/badpop/jcoinbase/model/user/Country.java
/Users/bad_pop/development/jcoinbase/jcoinbase/src/main/java/com/github/badpop/jcoinbase/exception/JCoinbaseException.java
/Users/bad_pop/development/jcoinbase/jcoinbase/src/main/java/com/github/badpop/jcoinbase/service/dto/SingleErrorDto.java
/Users/bad_pop/development/jcoinbase/jcoinbase/src/main/java/com/github/badpop/jcoinbase/model/user/User.java
/Users/bad_pop/development/jcoinbase/jcoinbase/src/main/java/com/github/badpop/jcoinbase/model/data/Price.java
/Users/bad_pop/development/jcoinbase/jcoinbase/src/main/java/com/github/badpop/jcoinbase/service/dto/PaginatedResponseDto.java
/Users/bad_pop/development/jcoinbase/jcoinbase/src/main/java/com/github/badpop/jcoinbase/model/user/Tiers.java
/Users/bad_pop/development/jcoinbase/jcoinbase/src/main/java/com/github/badpop/jcoinbase/service/account/dto/AccountBalanceDto.java
/Users/bad_pop/development/jcoinbase/jcoinbase/src/main/java/com/github/badpop/jcoinbase/model/data/ExchangeRates.java
/Users/bad_pop/development/jcoinbase/jcoinbase/src/main/java/com/github/badpop/jcoinbase/service/ErrorManagerService.java
/Users/bad_pop/development/jcoinbase/jcoinbase/src/main/java/com/github/badpop/jcoinbase/model/PaginatedResponse.java
/Users/bad_pop/development/jcoinbase/jcoinbase/src/main/java/com/github/badpop/jcoinbase/model/data/Currency.java
/Users/bad_pop/development/jcoinbase/jcoinbase/src/main/java/com/github/badpop/jcoinbase/service/http/Headers.java
/Users/bad_pop/development/jcoinbase/jcoinbase/src/main/java/com/github/badpop/jcoinbase/exception/InvalidRequestException.java
/Users/bad_pop/development/jcoinbase/jcoinbase/src/main/java/com/github/badpop/jcoinbase/model/account/Rewards.java
/Users/bad_pop/development/jcoinbase/jcoinbase/src/main/java/com/github/badpop/jcoinbase/model/CoinbaseError.java
/Users/bad_pop/development/jcoinbase/jcoinbase/src/main/java/com/github/badpop/jcoinbase/control/FunctionalValue.java
/Users/bad_pop/development/jcoinbase/jcoinbase/src/main/java/com/github/badpop/jcoinbase/service/data/dto/TimeDto.java
/Users/bad_pop/development/jcoinbase/jcoinbase/src/main/java/com/github/badpop/jcoinbase/service/user/dto/ReferralMoneyDto.java
/Users/bad_pop/development/jcoinbase/jcoinbase/src/main/java/com/github/badpop/jcoinbase/model/account/AccountCurrency.java
/Users/bad_pop/development/jcoinbase/jcoinbase/src/main/java/com/github/badpop/jcoinbase/JCoinbaseProperties.java
/Users/bad_pop/development/jcoinbase/jcoinbase/src/main/java/com/github/badpop/jcoinbase/service/data/dto/CurrencyDto.java
/Users/bad_pop/development/jcoinbase/jcoinbase/src/main/java/com/github/badpop/jcoinbase/model/Pagination.java
/Users/bad_pop/development/jcoinbase/jcoinbase/src/main/java/com/github/badpop/jcoinbase/service/dto/DataErrorsDto.java
/Users/bad_pop/development/jcoinbase/jcoinbase/src/main/java/com/github/badpop/jcoinbase/model/user/ReferralMoney.java
/Users/bad_pop/development/jcoinbase/jcoinbase/src/main/java/com/github/badpop/jcoinbase/service/user/dto/TiersDto.java
/Users/bad_pop/development/jcoinbase/jcoinbase/src/main/java/com/github/badpop/jcoinbase/service/WarningManagerService.java
/Users/bad_pop/development/jcoinbase/jcoinbase/src/main/java/com/github/badpop/jcoinbase/service/user/dto/AuthorizationsDto.java
/Users/bad_pop/development/jcoinbase/jcoinbase/src/main/java/com/github/badpop/jcoinbase/model/account/AccountsPage.java
/Users/bad_pop/development/jcoinbase/jcoinbase/src/main/java/com/github/badpop/jcoinbase/model/user/Authorizations.java
/Users/bad_pop/development/jcoinbase/jcoinbase/src/main/java/com/github/badpop/jcoinbase/model/request/UpdateAccountRequest.java
/Users/bad_pop/development/jcoinbase/jcoinbase/src/main/java/com/github/badpop/jcoinbase/model/ResourceType.java
/Users/bad_pop/development/jcoinbase/jcoinbase/src/main/java/com/github/badpop/jcoinbase/service/user/dto/CountryDto.java
/Users/bad_pop/development/jcoinbase/jcoinbase/src/main/java/com/github/badpop/jcoinbase/service/account/dto/AccountCurrencyDto.java
/Users/bad_pop/development/jcoinbase/jcoinbase/src/main/java/com/github/badpop/jcoinbase/exception/InvalidApiKeyAndSecretException.java
/Users/bad_pop/development/jcoinbase/jcoinbase/src/main/java/com/github/badpop/jcoinbase/service/dto/WarningDto.java
/Users/bad_pop/development/jcoinbase/jcoinbase/src/main/java/com/github/badpop/jcoinbase/service/account/dto/AccountDto.java
/Users/bad_pop/development/jcoinbase/jcoinbase/src/main/java/com/github/badpop/jcoinbase/service/account/AccountService.java
/Users/bad_pop/development/jcoinbase/jcoinbase/src/main/java/com/github/badpop/jcoinbase/model/account/AccountBalance.java
/Users/bad_pop/development/jcoinbase/jcoinbase/src/main/java/com/github/badpop/jcoinbase/service/data/DataService.java
/Users/bad_pop/development/jcoinbase/jcoinbase/src/main/java/com/github/badpop/jcoinbase/service/utils/DateAndTimeUtils.java
/Users/bad_pop/development/jcoinbase/jcoinbase/src/main/java/com/github/badpop/jcoinbase/service/account/CoinbaseAccountService.java
