com/github/badpop/jcoinbase/client/service/user/dto/TiersDto$TiersDtoBuilder.class
com/github/badpop/jcoinbase/control/FunctionalValue.class
com/github/badpop/jcoinbase/model/user/Country.class
com/github/badpop/jcoinbase/client/service/user/dto/ReferralMoneyDto$ReferralMoneyDtoBuilder.class
com/github/badpop/jcoinbase/client/service/data/CoinbaseDataService$4.class
com/github/badpop/jcoinbase/model/user/Country$CountryBuilder.class
com/github/badpop/jcoinbase/client/JCoinbasePropertiesFactory.class
com/github/badpop/jcoinbase/client/service/user/dto/CountryDto$CountryDtoBuilder.class
com/github/badpop/jcoinbase/client/service/user/CoinbaseUserService$3.class
com/github/badpop/jcoinbase/client/service/data/dto/ExchangeRatesDto.class
com/github/badpop/jcoinbase/model/data/Time.class
com/github/badpop/jcoinbase/client/service/data/CoinbaseDataService$1.class
com/github/badpop/jcoinbase/client/service/user/CoinbaseUserService.class
com/github/badpop/jcoinbase/client/service/data/dto/PriceDto.class
com/github/badpop/jcoinbase/exception/JCoinbaseException.class
com/github/badpop/jcoinbase/client/service/user/dto/NationalityDto$NationalityDtoBuilder.class
com/github/badpop/jcoinbase/client/service/data/dto/ExchangeRatesDto$ExchangeRatesDtoBuilder.class
com/github/badpop/jcoinbase/model/user/ReferralMoney$ReferralMoneyBuilder.class
com/github/badpop/jcoinbase/client/service/dto/WarningDto.class
com/github/badpop/jcoinbase/client/service/utils/StringUtils.class
com/github/badpop/jcoinbase/model/data/Price$PriceType.class
com/github/badpop/jcoinbase/client/service/user/dto/NationalityDto.class
com/github/badpop/jcoinbase/control/CallResult$Success.class
com/github/badpop/jcoinbase/model/user/Nationality.class
com/github/badpop/jcoinbase/client/service/dto/WarningDto$WarningDtoBuilder.class
com/github/badpop/jcoinbase/client/service/dto/DataErrorsDto.class
com/github/badpop/jcoinbase/client/service/data/dto/TimeDto$TimeDtoBuilder.class
com/github/badpop/jcoinbase/client/service/data/dto/TimeDto.class
com/github/badpop/jcoinbase/client/service/data/DataService.class
com/github/badpop/jcoinbase/client/JCoinbaseClient.class
com/github/badpop/jcoinbase/model/user/User.class
com/github/badpop/jcoinbase/client/service/dto/SingleErrorDto.class
com/github/badpop/jcoinbase/client/service/JsonDeserializationService$2.class
com/github/badpop/jcoinbase/client/service/user/dto/UserDto$UserDtoBuilder.class
com/github/badpop/jcoinbase/client/service/dto/SingleErrorDto$SingleErrorDtoBuilder.class
com/github/badpop/jcoinbase/client/service/user/CoinbaseUserService$2.class
com/github/badpop/jcoinbase/model/user/Tiers.class
com/github/badpop/jcoinbase/model/user/ResourceType.class
com/github/badpop/jcoinbase/model/data/Time$TimeBuilder.class
com/github/badpop/jcoinbase/client/service/WarningManagerService.class
com/github/badpop/jcoinbase/model/user/Authorizations.class
com/github/badpop/jcoinbase/model/user/Tiers$TiersBuilder.class
com/github/badpop/jcoinbase/client/JCoinbaseClientFactory.class
com/github/badpop/jcoinbase/model/CoinbaseError.class
com/github/badpop/jcoinbase/model/CoinbaseError$CoinbaseErrorBuilder.class
com/github/badpop/jcoinbase/client/service/user/dto/CountryDto.class
com/github/badpop/jcoinbase/client/service/user/dto/AuthorizationsDto$AuthorizationsDtoBuilder.class
com/github/badpop/jcoinbase/model/user/Nationality$NationalityBuilder.class
com/github/badpop/jcoinbase/client/service/data/dto/CurrencyDto.class
com/github/badpop/jcoinbase/client/service/JsonDeserializationService.class
com/github/badpop/jcoinbase/client/service/user/dto/ReferralMoneyDto.class
com/github/badpop/jcoinbase/client/service/utils/DateAndTimeUtils.class
com/github/badpop/jcoinbase/model/data/Currency.class
com/github/badpop/jcoinbase/client/service/JsonDeserializationService$1.class
com/github/badpop/jcoinbase/client/service/dto/DataDto.class
com/github/badpop/jcoinbase/model/data/ExchangeRates$ExchangeRatesBuilder.class
com/github/badpop/jcoinbase/client/service/auth/AuthenticationService.class
com/github/badpop/jcoinbase/model/request/UpdateCurrentUserRequest$UpdateCurrentUserRequestBuilder.class
com/github/badpop/jcoinbase/client/service/data/CoinbaseDataService.class
com/github/badpop/jcoinbase/client/JCoinbaseProperties.class
com/github/badpop/jcoinbase/model/user/Authorizations$AuthorizationsBuilder.class
com/github/badpop/jcoinbase/client/service/user/CoinbaseUserService$4.class
com/github/badpop/jcoinbase/client/service/data/CoinbaseDataService$2.class
com/github/badpop/jcoinbase/service/ErrorManagerService.class
com/github/badpop/jcoinbase/client/service/data/dto/CurrencyDto$CurrencyDtoBuilder.class
com/github/badpop/jcoinbase/control/CallResult$Failure.class
com/github/badpop/jcoinbase/model/data/Price$PriceBuilder.class
com/github/badpop/jcoinbase/client/service/dto/DataErrorDto.class
com/github/badpop/jcoinbase/control/CallResult$FailureProjection.class
com/github/badpop/jcoinbase/client/service/user/dto/TiersDto.class
com/github/badpop/jcoinbase/client/service/user/CoinbaseUserService$1.class
com/github/badpop/jcoinbase/client/service/data/dto/PriceDto$PriceDtoBuilder.class
com/github/badpop/jcoinbase/model/user/User$UserBuilder.class
com/github/badpop/jcoinbase/client/service/user/UserService.class
com/github/badpop/jcoinbase/control/CallResult$SuccessProjection.class
com/github/badpop/jcoinbase/model/data/Currency$CurrencyBuilder.class
com/github/badpop/jcoinbase/control/CallResult.class
com/github/badpop/jcoinbase/model/user/ReferralMoney.class
com/github/badpop/jcoinbase/client/service/user/dto/AuthorizationsDto.class
com/github/badpop/jcoinbase/model/request/UpdateCurrentUserRequest.class
com/github/badpop/jcoinbase/model/data/ExchangeRates.class
com/github/badpop/jcoinbase/client/service/Headers.class
com/github/badpop/jcoinbase/client/service/data/CoinbaseDataService$3.class
com/github/badpop/jcoinbase/client/service/dto/ErrorDto.class
com/github/badpop/jcoinbase/client/service/user/dto/UserDto.class
com/github/badpop/jcoinbase/model/data/Price.class
