/Users/bad_pop/development/JCoinbase/src/main/java/com/github/badpop/jcoinbase/client/service/dto/DataDto.java
/Users/bad_pop/development/JCoinbase/src/main/java/com/github/badpop/jcoinbase/model/data/Time.java
/Users/bad_pop/development/JCoinbase/src/main/java/com/github/badpop/jcoinbase/client/service/dto/SingleErrorDto.java
/Users/bad_pop/development/JCoinbase/src/main/java/com/github/badpop/jcoinbase/model/user/Tiers.java
/Users/bad_pop/development/JCoinbase/src/main/java/com/github/badpop/jcoinbase/client/service/dto/WarningDto.java
/Users/bad_pop/development/JCoinbase/src/main/java/com/github/badpop/jcoinbase/client/service/data/dto/CurrencyDto.java
/Users/bad_pop/development/JCoinbase/src/main/java/com/github/badpop/jcoinbase/control/FunctionalValue.java
/Users/bad_pop/development/JCoinbase/src/main/java/com/github/badpop/jcoinbase/client/service/Headers.java
/Users/bad_pop/development/JCoinbase/src/main/java/com/github/badpop/jcoinbase/model/user/ReferralMoney.java
/Users/bad_pop/development/JCoinbase/src/main/java/com/github/badpop/jcoinbase/client/service/utils/DateAndTimeUtils.java
/Users/bad_pop/development/JCoinbase/src/main/java/com/github/badpop/jcoinbase/client/JCoinbaseClient.java
/Users/bad_pop/development/JCoinbase/src/main/java/com/github/badpop/jcoinbase/client/service/auth/AuthenticationService.java
/Users/bad_pop/development/JCoinbase/src/main/java/com/github/badpop/jcoinbase/client/service/user/dto/TiersDto.java
/Users/bad_pop/development/JCoinbase/src/main/java/com/github/badpop/jcoinbase/client/service/data/DataService.java
/Users/bad_pop/development/JCoinbase/src/main/java/com/github/badpop/jcoinbase/model/CoinbaseError.java
/Users/bad_pop/development/JCoinbase/src/main/java/com/github/badpop/jcoinbase/client/service/data/CoinbaseDataService.java
/Users/bad_pop/development/JCoinbase/src/main/java/com/github/badpop/jcoinbase/model/user/Country.java
/Users/bad_pop/development/JCoinbase/src/main/java/com/github/badpop/jcoinbase/model/user/Authorizations.java
/Users/bad_pop/development/JCoinbase/src/main/java/com/github/badpop/jcoinbase/model/user/Nationality.java
/Users/bad_pop/development/JCoinbase/src/main/java/com/github/badpop/jcoinbase/client/service/dto/ErrorDto.java
/Users/bad_pop/development/JCoinbase/src/main/java/com/github/badpop/jcoinbase/model/request/UpdateCurrentUserRequest.java
/Users/bad_pop/development/JCoinbase/src/main/java/com/github/badpop/jcoinbase/client/service/data/dto/ExchangeRatesDto.java
/Users/bad_pop/development/JCoinbase/src/main/java/com/github/badpop/jcoinbase/client/JCoinbaseClientFactory.java
/Users/bad_pop/development/JCoinbase/src/main/java/com/github/badpop/jcoinbase/control/CallResult.java
/Users/bad_pop/development/JCoinbase/src/main/java/com/github/badpop/jcoinbase/client/JCoinbasePropertiesFactory.java
/Users/bad_pop/development/JCoinbase/src/main/java/com/github/badpop/jcoinbase/client/service/dto/DataErrorsDto.java
/Users/bad_pop/development/JCoinbase/src/main/java/com/github/badpop/jcoinbase/model/user/ResourceType.java
/Users/bad_pop/development/JCoinbase/src/main/java/com/github/badpop/jcoinbase/model/user/User.java
/Users/bad_pop/development/JCoinbase/src/main/java/com/github/badpop/jcoinbase/client/service/JsonDeserializationService.java
/Users/bad_pop/development/JCoinbase/src/main/java/com/github/badpop/jcoinbase/model/data/ExchangeRates.java
/Users/bad_pop/development/JCoinbase/src/main/java/com/github/badpop/jcoinbase/client/service/user/dto/ReferralMoneyDto.java
/Users/bad_pop/development/JCoinbase/src/main/java/com/github/badpop/jcoinbase/service/ErrorManagerService.java
/Users/bad_pop/development/JCoinbase/src/main/java/com/github/badpop/jcoinbase/client/service/WarningManagerService.java
/Users/bad_pop/development/JCoinbase/src/main/java/com/github/badpop/jcoinbase/client/service/dto/DataErrorDto.java
/Users/bad_pop/development/JCoinbase/src/main/java/com/github/badpop/jcoinbase/client/service/utils/StringUtils.java
/Users/bad_pop/development/JCoinbase/src/main/java/com/github/badpop/jcoinbase/client/service/data/dto/TimeDto.java
/Users/bad_pop/development/JCoinbase/src/main/java/com/github/badpop/jcoinbase/exception/JCoinbaseException.java
/Users/bad_pop/development/JCoinbase/src/main/java/com/github/badpop/jcoinbase/client/JCoinbaseProperties.java
/Users/bad_pop/development/JCoinbase/src/main/java/com/github/badpop/jcoinbase/client/service/user/dto/CountryDto.java
/Users/bad_pop/development/JCoinbase/src/main/java/com/github/badpop/jcoinbase/client/service/user/dto/AuthorizationsDto.java
/Users/bad_pop/development/JCoinbase/src/main/java/com/github/badpop/jcoinbase/client/service/user/UserService.java
/Users/bad_pop/development/JCoinbase/src/main/java/com/github/badpop/jcoinbase/client/service/user/dto/NationalityDto.java
/Users/bad_pop/development/JCoinbase/src/main/java/com/github/badpop/jcoinbase/client/service/user/dto/UserDto.java
/Users/bad_pop/development/JCoinbase/src/main/java/com/github/badpop/jcoinbase/client/service/data/dto/PriceDto.java
/Users/bad_pop/development/JCoinbase/src/main/java/com/github/badpop/jcoinbase/client/service/user/CoinbaseUserService.java
/Users/bad_pop/development/JCoinbase/src/main/java/com/github/badpop/jcoinbase/model/data/Price.java
/Users/bad_pop/development/JCoinbase/src/main/java/com/github/badpop/jcoinbase/model/data/Currency.java
