/Users/bad_pop/development/jcoinbase/jcoinbase/src/test/java/com/github/badpop/jcoinbase/service/account/dto/AccountCurrencyDtoTest.java
/Users/bad_pop/development/jcoinbase/jcoinbase/src/test/java/com/github/badpop/jcoinbase/service/data/dto/TimeDtoTest.java
/Users/bad_pop/development/jcoinbase/jcoinbase/src/test/java/com/github/badpop/jcoinbase/service/account/dto/AccountBalanceDtoTest.java
/Users/bad_pop/development/jcoinbase/jcoinbase/src/test/java/com/github/badpop/jcoinbase/service/data/dto/ExchangeRatesDtoTest.java
/Users/bad_pop/development/jcoinbase/jcoinbase/src/test/java/com/github/badpop/jcoinbase/service/utils/StringUtilsTest.java
/Users/bad_pop/development/jcoinbase/jcoinbase/src/test/java/com/github/badpop/jcoinbase/service/account/dto/AccountDtoTest.java
/Users/bad_pop/development/jcoinbase/jcoinbase/src/test/java/com/github/badpop/jcoinbase/model/PriceTest.java
/Users/bad_pop/development/jcoinbase/jcoinbase/src/test/java/com/github/badpop/jcoinbase/JCoinbaseClientTest.java
/Users/bad_pop/development/jcoinbase/jcoinbase/src/test/java/com/github/badpop/jcoinbase/service/data/CoinbaseDataServiceTest.java
/Users/bad_pop/development/jcoinbase/jcoinbase/src/test/java/com/github/badpop/jcoinbase/model/ResourceTypeTest.java
/Users/bad_pop/development/jcoinbase/jcoinbase/src/test/java/com/github/badpop/jcoinbase/testutils/CoinbaseErrorSampleProvider.java
/Users/bad_pop/development/jcoinbase/jcoinbase/src/test/java/com/github/badpop/jcoinbase/testutils/ReflectionUtils.java
/Users/bad_pop/development/jcoinbase/jcoinbase/src/test/java/com/github/badpop/jcoinbase/control/CallResultFailureProjectionTest.java
/Users/bad_pop/development/jcoinbase/jcoinbase/src/test/java/com/github/badpop/jcoinbase/JCoinbasePropertiesFactoryTest.java
/Users/bad_pop/development/jcoinbase/jcoinbase/src/test/java/com/github/badpop/jcoinbase/service/dto/ErrorDtoTest.java
/Users/bad_pop/development/jcoinbase/jcoinbase/src/test/java/com/github/badpop/jcoinbase/service/http/JsonDeserializationServiceTest.java
/Users/bad_pop/development/jcoinbase/jcoinbase/src/test/java/com/github/badpop/jcoinbase/service/ErrorManagerServiceTest.java
/Users/bad_pop/development/jcoinbase/jcoinbase/src/test/java/com/github/badpop/jcoinbase/testutils/HttpResponsesSamples.java
/Users/bad_pop/development/jcoinbase/jcoinbase/src/test/java/com/github/badpop/jcoinbase/service/data/dto/CurrencyDtoTest.java
/Users/bad_pop/development/jcoinbase/jcoinbase/src/test/java/com/github/badpop/jcoinbase/service/account/dto/RewardsDtoTest.java
/Users/bad_pop/development/jcoinbase/jcoinbase/src/test/java/com/github/badpop/jcoinbase/model/PaginatedResponseTest.java
/Users/bad_pop/development/jcoinbase/jcoinbase/src/test/java/com/github/badpop/jcoinbase/service/user/CoinbaseUserServiceTest.java
/Users/bad_pop/development/jcoinbase/jcoinbase/src/test/java/com/github/badpop/jcoinbase/service/user/dto/TiersDtoTest.java
/Users/bad_pop/development/jcoinbase/jcoinbase/src/test/java/com/github/badpop/jcoinbase/model/account/AccountTypeTest.java
/Users/bad_pop/development/jcoinbase/jcoinbase/src/test/java/com/github/badpop/jcoinbase/model/user/UserTest.java
/Users/bad_pop/development/jcoinbase/jcoinbase/src/test/java/com/github/badpop/jcoinbase/service/user/dto/NationalityDtoTest.java
/Users/bad_pop/development/jcoinbase/jcoinbase/src/test/java/com/github/badpop/jcoinbase/service/http/HttpRequestSenderTest.java
/Users/bad_pop/development/jcoinbase/jcoinbase/src/test/java/com/github/badpop/jcoinbase/service/user/UserServiceTest.java
/Users/bad_pop/development/jcoinbase/jcoinbase/src/test/java/com/github/badpop/jcoinbase/service/dto/SingleErrorDtoTest.java
/Users/bad_pop/development/jcoinbase/jcoinbase/src/test/java/com/github/badpop/jcoinbase/model/user/AuthorizationsTest.java
/Users/bad_pop/development/jcoinbase/jcoinbase/src/test/java/com/github/badpop/jcoinbase/service/data/dto/PriceDtoTest.java
/Users/bad_pop/development/jcoinbase/jcoinbase/src/test/java/com/github/badpop/jcoinbase/service/account/CoinbaseAccountServiceTest.java
/Users/bad_pop/development/jcoinbase/jcoinbase/src/test/java/com/github/badpop/jcoinbase/JCoinbasePropertiesTest.java
/Users/bad_pop/development/jcoinbase/jcoinbase/src/test/java/com/github/badpop/jcoinbase/service/dto/DataErrorsDtoTest.java
/Users/bad_pop/development/jcoinbase/jcoinbase/src/test/java/com/github/badpop/jcoinbase/service/user/dto/AuthorizationsDtoTest.java
/Users/bad_pop/development/jcoinbase/jcoinbase/src/test/java/com/github/badpop/jcoinbase/service/user/dto/ReferralMoneyDtoTest.java
/Users/bad_pop/development/jcoinbase/jcoinbase/src/test/java/com/github/badpop/jcoinbase/JCoinbaseClientFactoryTest.java
/Users/bad_pop/development/jcoinbase/jcoinbase/src/test/java/com/github/badpop/jcoinbase/service/user/dto/UserDtoTest.java
/Users/bad_pop/development/jcoinbase/jcoinbase/src/test/java/com/github/badpop/jcoinbase/model/PaginationTest.java
/Users/bad_pop/development/jcoinbase/jcoinbase/src/test/java/com/github/badpop/jcoinbase/service/data/DataServiceTest.java
/Users/bad_pop/development/jcoinbase/jcoinbase/src/test/java/com/github/badpop/jcoinbase/control/AbstractFunctionalValueTest.java
/Users/bad_pop/development/jcoinbase/jcoinbase/src/test/java/com/github/badpop/jcoinbase/service/account/AccountServiceTest.java
/Users/bad_pop/development/jcoinbase/jcoinbase/src/test/java/com/github/badpop/jcoinbase/service/user/dto/CountryDtoTest.java
/Users/bad_pop/development/jcoinbase/jcoinbase/src/test/java/com/github/badpop/jcoinbase/control/CallResultSuccessProjectionTest.java
/Users/bad_pop/development/jcoinbase/jcoinbase/src/test/java/com/github/badpop/jcoinbase/testutils/JsonUtils.java
/Users/bad_pop/development/jcoinbase/jcoinbase/src/test/java/com/github/badpop/jcoinbase/service/dto/PaginatedResponseDtoTest.java
/Users/bad_pop/development/jcoinbase/jcoinbase/src/test/java/com/github/badpop/jcoinbase/control/CallResultTest.java
/Users/bad_pop/development/jcoinbase/jcoinbase/src/test/java/com/github/badpop/jcoinbase/service/auth/AuthenticationServiceTest.java
/Users/bad_pop/development/jcoinbase/jcoinbase/src/test/java/com/github/badpop/jcoinbase/testutils/JsonSerDesSample.java
/Users/bad_pop/development/jcoinbase/jcoinbase/src/test/java/com/github/badpop/jcoinbase/DevelopmentTest.java
