com/github/badpop/jcoinbase/client/service/data/DataServiceTest$GetTime.class
com/github/badpop/jcoinbase/client/service/JsonDeserializationServiceTest$SingleFailureDeserialize$2.class
com/github/badpop/jcoinbase/client/service/dto/SingleErrorDtoTest.class
com/github/badpop/jcoinbase/control/AbstractFunctionalValueTest$3.class
com/github/badpop/jcoinbase/client/service/data/DataServiceTest$GetPrices.class
com/github/badpop/jcoinbase/client/service/user/CoinbaseUserServiceTest$UpdateCurrentUser.class
com/github/badpop/jcoinbase/client/service/data/CoinbaseDataServiceTest.class
com/github/badpop/jcoinbase/client/service/data/CoinbaseDataServiceTest$FetchTime.class
com/github/badpop/jcoinbase/client/service/auth/AuthenticationServiceTest$Headers.class
com/github/badpop/jcoinbase/client/service/JsonDeserializationServiceTest$2.class
com/github/badpop/jcoinbase/service/ErrorManagerServiceTest.class
com/github/badpop/jcoinbase/client/service/data/dto/TimeDtoTest.class
com/github/badpop/jcoinbase/control/AbstractFunctionalValueTest$7.class
com/github/badpop/jcoinbase/client/service/user/CoinbaseUserServiceTest$FetchCurrentUser.class
com/github/badpop/jcoinbase/control/AbstractFunctionalValueTest.class
com/github/badpop/jcoinbase/client/service/data/CoinbaseDataServiceTest$FetchCurrencies.class
com/github/badpop/jcoinbase/client/service/data/DataServiceTest$GetExchangeRates.class
com/github/badpop/jcoinbase/client/JCoinbasePropertiesTest.class
com/github/badpop/jcoinbase/control/AbstractFunctionalValueTest$4.class
com/github/badpop/jcoinbase/client/service/user/dto/ReferralMoneyDtoTest.class
com/github/badpop/jcoinbase/client/service/user/UserServiceTest.class
com/github/badpop/jcoinbase/client/service/JsonDeserializationServiceTest$SingleFailureDeserialize$3.class
com/github/badpop/jcoinbase/client/service/user/dto/NationalityDtoTest.class
com/github/badpop/jcoinbase/client/service/utils/StringUtilsTest.class
com/github/badpop/jcoinbase/testutils/JsonUtils.class
com/github/badpop/jcoinbase/client/service/JsonDeserializationServiceTest$Deserialize$3.class
com/github/badpop/jcoinbase/control/AbstractFunctionalValueTest$6.class
com/github/badpop/jcoinbase/client/service/user/UserServiceTest$GetCurrentUser.class
com/github/badpop/jcoinbase/client/service/data/dto/PriceDtoTest.class
com/github/badpop/jcoinbase/client/service/data/DataServiceTest$GetCurrencies.class
com/github/badpop/jcoinbase/client/service/JsonDeserializationServiceTest$SingleFailureDeserialize.class
com/github/badpop/jcoinbase/client/service/data/dto/ExchangeRatesDtoTest.class
com/github/badpop/jcoinbase/model/user/AuthorizationsTest.class
com/github/badpop/jcoinbase/client/service/user/dto/AuthorizationsDtoTest.class
com/github/badpop/jcoinbase/client/service/dto/DataErrorsDtoTest.class
com/github/badpop/jcoinbase/client/service/JsonDeserializationServiceTest$1.class
com/github/badpop/jcoinbase/client/service/JsonDeserializationServiceTest$4.class
com/github/badpop/jcoinbase/testutils/ReflectionUtils$InternalProperties.class
com/github/badpop/jcoinbase/model/PriceTest.class
com/github/badpop/jcoinbase/client/service/data/CoinbaseDataServiceTest$FetchPrice.class
com/github/badpop/jcoinbase/model/user/UserTest.class
com/github/badpop/jcoinbase/client/service/user/UserServiceTest$GetUserById.class
com/github/badpop/jcoinbase/client/service/user/CoinbaseUserServiceTest$FetchAuthorizations.class
com/github/badpop/jcoinbase/client/service/auth/AuthenticationServiceTest.class
com/github/badpop/jcoinbase/client/service/user/dto/CountryDtoTest.class
com/github/badpop/jcoinbase/client/service/JsonDeserializationServiceTest$3.class
com/github/badpop/jcoinbase/client/service/data/DataServiceTest.class
com/github/badpop/jcoinbase/DevelopmentTest.class
com/github/badpop/jcoinbase/client/service/JsonDeserializationServiceTest$Deserialize$2.class
com/github/badpop/jcoinbase/client/service/JsonDeserializationServiceTest.class
com/github/badpop/jcoinbase/testutils/CoinbaseErrorSampleProvider.class
com/github/badpop/jcoinbase/client/service/dto/ErrorDtoTest.class
com/github/badpop/jcoinbase/control/AbstractFunctionalValueTest$1.class
com/github/badpop/jcoinbase/client/service/JsonDeserializationServiceTest$SingleFailureDeserialize$1.class
com/github/badpop/jcoinbase/client/service/user/dto/UserDtoTest.class
com/github/badpop/jcoinbase/model/user/ResourceTypeTest.class
com/github/badpop/jcoinbase/client/service/JsonDeserializationServiceTest$Deserialize.class
com/github/badpop/jcoinbase/client/service/user/CoinbaseUserServiceTest$FetchUserById.class
com/github/badpop/jcoinbase/control/CallResultFailureProjectionTest.class
com/github/badpop/jcoinbase/client/service/JsonDeserializationServiceTest$Deserialize$1.class
com/github/badpop/jcoinbase/client/JCoinbaseClientTest.class
com/github/badpop/jcoinbase/control/CallResultSuccessProjectionTest.class
com/github/badpop/jcoinbase/client/JCoinbasePropertiesFactoryTest.class
com/github/badpop/jcoinbase/client/service/data/dto/CurrencyDtoTest.class
com/github/badpop/jcoinbase/control/AbstractFunctionalValueTest$2.class
com/github/badpop/jcoinbase/control/CallResultTest.class
com/github/badpop/jcoinbase/client/service/user/CoinbaseUserServiceTest.class
com/github/badpop/jcoinbase/client/service/data/CoinbaseDataServiceTest$FetchExchangeRates.class
com/github/badpop/jcoinbase/testutils/ReflectionUtils.class
com/github/badpop/jcoinbase/client/JCoinbaseClientFactoryTest.class
com/github/badpop/jcoinbase/client/service/user/dto/TiersDtoTest.class
com/github/badpop/jcoinbase/client/service/auth/AuthenticationServiceTest$Allow.class
com/github/badpop/jcoinbase/control/AbstractFunctionalValueTest$5.class
com/github/badpop/jcoinbase/control/AbstractFunctionalValueTest$8.class
com/github/badpop/jcoinbase/client/service/user/UserServiceTest$UpdateCurrentUser.class
com/github/badpop/jcoinbase/client/service/user/UserServiceTest$GetAuthorization.class
