/Users/bad_pop/development/JCoinbase/src/test/java/com/github/badpop/jcoinbase/client/service/user/dto/TiersDtoTest.java
/Users/bad_pop/development/JCoinbase/src/test/java/com/github/badpop/jcoinbase/model/user/AuthorizationsTest.java
/Users/bad_pop/development/JCoinbase/src/test/java/com/github/badpop/jcoinbase/client/service/dto/SingleErrorDtoTest.java
/Users/bad_pop/development/JCoinbase/src/test/java/com/github/badpop/jcoinbase/testutils/ReflectionUtils.java
/Users/bad_pop/development/JCoinbase/src/test/java/com/github/badpop/jcoinbase/client/service/user/dto/AuthorizationsDtoTest.java
/Users/bad_pop/development/JCoinbase/src/test/java/com/github/badpop/jcoinbase/service/ErrorManagerServiceTest.java
/Users/bad_pop/development/JCoinbase/src/test/java/com/github/badpop/jcoinbase/client/service/data/dto/CurrencyDtoTest.java
/Users/bad_pop/development/JCoinbase/src/test/java/com/github/badpop/jcoinbase/client/service/user/dto/ReferralMoneyDtoTest.java
/Users/bad_pop/development/JCoinbase/src/test/java/com/github/badpop/jcoinbase/DevelopmentTest.java
/Users/bad_pop/development/JCoinbase/src/test/java/com/github/badpop/jcoinbase/client/JCoinbasePropertiesTest.java
/Users/bad_pop/development/JCoinbase/src/test/java/com/github/badpop/jcoinbase/client/service/data/dto/TimeDtoTest.java
/Users/bad_pop/development/JCoinbase/src/test/java/com/github/badpop/jcoinbase/client/service/JsonDeserializationServiceTest.java
/Users/bad_pop/development/JCoinbase/src/test/java/com/github/badpop/jcoinbase/control/CallResultSuccessProjectionTest.java
/Users/bad_pop/development/JCoinbase/src/test/java/com/github/badpop/jcoinbase/client/service/auth/AuthenticationServiceTest.java
/Users/bad_pop/development/JCoinbase/src/test/java/com/github/badpop/jcoinbase/client/service/user/UserServiceTest.java
/Users/bad_pop/development/JCoinbase/src/test/java/com/github/badpop/jcoinbase/model/PriceTest.java
/Users/bad_pop/development/JCoinbase/src/test/java/com/github/badpop/jcoinbase/testutils/CoinbaseErrorSampleProvider.java
/Users/bad_pop/development/JCoinbase/src/test/java/com/github/badpop/jcoinbase/client/service/user/dto/NationalityDtoTest.java
/Users/bad_pop/development/JCoinbase/src/test/java/com/github/badpop/jcoinbase/client/service/data/CoinbaseDataServiceTest.java
/Users/bad_pop/development/JCoinbase/src/test/java/com/github/badpop/jcoinbase/client/JCoinbaseClientTest.java
/Users/bad_pop/development/JCoinbase/src/test/java/com/github/badpop/jcoinbase/client/JCoinbaseClientFactoryTest.java
/Users/bad_pop/development/JCoinbase/src/test/java/com/github/badpop/jcoinbase/client/service/user/dto/UserDtoTest.java
/Users/bad_pop/development/JCoinbase/src/test/java/com/github/badpop/jcoinbase/client/service/user/dto/CountryDtoTest.java
/Users/bad_pop/development/JCoinbase/src/test/java/com/github/badpop/jcoinbase/client/JCoinbasePropertiesFactoryTest.java
/Users/bad_pop/development/JCoinbase/src/test/java/com/github/badpop/jcoinbase/client/service/dto/ErrorDtoTest.java
/Users/bad_pop/development/JCoinbase/src/test/java/com/github/badpop/jcoinbase/model/user/ResourceTypeTest.java
/Users/bad_pop/development/JCoinbase/src/test/java/com/github/badpop/jcoinbase/client/service/data/dto/PriceDtoTest.java
/Users/bad_pop/development/JCoinbase/src/test/java/com/github/badpop/jcoinbase/control/CallResultFailureProjectionTest.java
/Users/bad_pop/development/JCoinbase/src/test/java/com/github/badpop/jcoinbase/client/service/dto/DataErrorsDtoTest.java
/Users/bad_pop/development/JCoinbase/src/test/java/com/github/badpop/jcoinbase/client/service/data/DataServiceTest.java
/Users/bad_pop/development/JCoinbase/src/test/java/com/github/badpop/jcoinbase/control/CallResultTest.java
/Users/bad_pop/development/JCoinbase/src/test/java/com/github/badpop/jcoinbase/control/AbstractFunctionalValueTest.java
/Users/bad_pop/development/JCoinbase/src/test/java/com/github/badpop/jcoinbase/client/service/data/dto/ExchangeRatesDtoTest.java
/Users/bad_pop/development/JCoinbase/src/test/java/com/github/badpop/jcoinbase/model/user/UserTest.java
/Users/bad_pop/development/JCoinbase/src/test/java/com/github/badpop/jcoinbase/testutils/JsonUtils.java
/Users/bad_pop/development/JCoinbase/src/test/java/com/github/badpop/jcoinbase/client/service/user/CoinbaseUserServiceTest.java
/Users/bad_pop/development/JCoinbase/src/test/java/com/github/badpop/jcoinbase/client/service/utils/StringUtilsTest.java
